# flagged-only | window: 2025-09-05_004324UTC -> 2025-09-05_014324UTC | files=16
2025-09-05_004326UTC | 00000085--f247b281ca--66 | [rlog] v=14.2 base=6.2 raw=6.2 final=6.2 | cap=visible vis=6.2 occ=10.8 | v_vis=5.9 v_occ=10.8 conf=0.7 psi=1.1/0.4 reason=pretrigger tail=0.9@2549.7 | flags=pretrigger_with_high_conf
2025-09-05_004326UTC | 00000085--f247b281ca--66 | [rlog] v=14.4 base=6.2 raw=6.4 final=6.4 | cap=visible vis=6.2 occ=70.0 | v_vis=6.3 v_occ=70.0 conf=0.8 psi=1.0/0.4 reason=pretrigger tail=0.9@2549.7 | flags=pretrigger_with_high_conf
2025-09-05_004327UTC | 00000085--f247b281ca--66 | [rlog] v=14.6 base=6.1 raw=6.1 final=6.1 | cap=visible vis=6.1 occ=70.0 | v_vis=6.1 v_occ=70.0 conf=0.8 psi=1.1/0.4 reason=pretrigger tail=0.9@2549.7 | flags=pretrigger_with_high_conf
2025-09-05_004327UTC | 00000085--f247b281ca--66 | [rlog] v=14.7 base=6.1 raw=6.1 final=6.1 | cap=visible vis=6.1 occ=70.0 | v_vis=6.1 v_occ=70.0 conf=0.8 psi=1.1/0.4 reason=pretrigger tail=0.9@2549.7 | flags=pretrigger_with_high_conf
2025-09-05_004328UTC | 00000085--f247b281ca--66 | [rlog] v=14.9 base=5.8 raw=5.8 final=5.8 | cap=visible vis=5.8 occ=70.0 | v_vis=5.9 v_occ=70.0 conf=0.8 psi=1.2/0.4 reason=pretrigger tail=0.9@2549.7 | flags=pretrigger_with_high_conf
2025-09-05_004328UTC | 00000085--f247b281ca--66 | [rlog] v=15.3 base=5.6 raw=5.6 final=5.6 | cap=visible vis=5.6 occ=70.0 | v_vis=5.6 v_occ=70.0 conf=0.8 psi=1.3/0.4 reason=pretrigger tail=0.9@2549.7 | flags=pretrigger_with_high_conf
2025-09-05_004329UTC | 00000085--f247b281ca--66 | [rlog] v=15.6 base=5.4 raw=6.0 final=6.0 | cap=visible vis=5.4 occ=70.0 | v_vis=5.4 v_occ=70.0 conf=0.8 psi=1.5/0.4 reason=pretrigger tail=0.9@2549.7 | flags=pretrigger_with_high_conf
2025-09-05_004329UTC | 00000085--f247b281ca--66 | [rlog] v=15.9 base=6.1 raw=6.7 final=6.7 | cap=visible vis=6.1 occ=70.0 | v_vis=6.1 v_occ=70.0 conf=0.8 psi=1.2/0.4 reason=pretrigger tail=0.9@2549.7 | flags=pretrigger_with_high_conf
2025-09-05_004330UTC | 00000085--f247b281ca--66 | [rlog] v=16.2 base=6.3 raw=7.0 final=7.0 | cap=visible vis=6.3 occ=70.0 | v_vis=6.3 v_occ=70.0 conf=0.8 psi=1.1/0.4 reason=pretrigger tail=0.9@2549.7 | flags=pretrigger_with_high_conf
2025-09-05_004331UTC | 00000085--f247b281ca--66 | [rlog] v=16.5 base=6.2 raw=6.9 final=6.9 | cap=visible vis=6.2 occ=70.0 | v_vis=6.2 v_occ=70.0 conf=0.9 psi=1.2/0.4 reason=pretrigger tail=0.9@2549.7 | flags=pretrigger_with_high_conf
2025-09-05_004331UTC | 00000085--f247b281ca--66 | [rlog] v=16.9 base=6.1 raw=6.1 final=6.1 | cap=visible vis=6.1 occ=70.0 | v_vis=6.1 v_occ=70.0 conf=0.9 psi=1.2/0.4 reason=pretrigger tail=0.9@2549.7 | flags=pretrigger_with_high_conf
2025-09-05_004332UTC | 00000085--f247b281ca--66 | [rlog] v=17.2 base=5.9 raw=5.9 final=5.9 | cap=visible vis=5.9 occ=70.0 | v_vis=5.9 v_occ=70.0 conf=0.9 psi=1.4/0.4 reason=pretrigger tail=0.9@2549.7 | flags=pretrigger_with_high_conf
2025-09-05_004332UTC | 00000085--f247b281ca--66 | [rlog] v=17.5 base=5.7 raw=5.7 final=5.7 | cap=visible vis=5.7 occ=70.0 | v_vis=5.8 v_occ=70.0 conf=0.9 psi=1.5/0.4 reason=pretrigger tail=0.9@2549.7 | flags=pretrigger_with_high_conf
2025-09-05_004333UTC | 00000085--f247b281ca--66 | [rlog] v=17.9 base=5.6 raw=5.6 final=5.6 | cap=visible vis=5.6 occ=70.0 | v_vis=5.6 v_occ=70.0 conf=0.8 psi=1.6/0.4 reason=pretrigger tail=0.9@2549.7 | flags=pretrigger_with_high_conf
2025-09-05_004333UTC | 00000085--f247b281ca--66 | [rlog] v=18.5 base=5.9 raw=6.4 final=6.4 | cap=visible vis=5.9 occ=70.0 | v_vis=5.8 v_occ=70.0 conf=0.8 psi=1.5/0.4 reason=pretrigger tail=0.9@2549.7 | flags=pretrigger_with_high_conf
2025-09-05_004334UTC | 00000085--f247b281ca--66 | [rlog] v=18.9 base=6.8 raw=7.4 final=7.4 | cap=visible vis=6.8 occ=70.0 | v_vis=6.7 v_occ=70.0 conf=0.9 psi=1.2/0.4 reason=pretrigger tail=0.9@2549.7 | flags=pretrigger_with_high_conf
2025-09-05_004334UTC | 00000085--f247b281ca--66 | [rlog] v=19.2 base=8.3 raw=9.1 final=9.1 | cap=visible vis=8.3 occ=70.0 | v_vis=8.2 v_occ=70.0 conf=0.9 psi=0.8/0.4 reason=pretrigger tail=0.9@2549.7 | flags=pretrigger_with_high_conf
2025-09-05_004335UTC | 00000085--f247b281ca--66 | [rlog] v=19.5 base=10.6 raw=11.7 final=11.7 | cap=visible vis=10.6 occ=70.0 | v_vis=10.0 v_occ=70.0 conf=0.8 psi=0.5/0.4 reason=pretrigger tail=0.9@2549.7 | flags=pretrigger_with_high_conf
2025-09-05_004335UTC | 00000085--f247b281ca--66 | [rlog] v=19.7 base=15.0 raw=15.9 final=15.9 | cap=visible vis=15.0 occ=70.0 | v_vis=14.2 v_occ=70.0 conf=0.8 psi=0.3/0.4 reason=pretrigger tail=0.9@2549.7 | flags=pretrigger_with_high_conf
2025-09-05_004336UTC | 00000085--f247b281ca--66 | [rlog] v=20.0 base=22.2 raw=23.2 final=23.2 | cap=visible vis=22.2 occ=70.0 | v_vis=24.5 v_occ=70.0 conf=0.8 psi=0.1/0.4 reason=pretrigger tail=0.9@2549.7 | flags=pretrigger_with_high_conf
2025-09-05_004336UTC | 00000085--f247b281ca--66 | [rlog] v=20.4 base=22.2 raw=22.2 final=22.2 | cap=visible vis=22.2 occ=70.0 | v_vis=32.3 v_occ=70.0 conf=0.8 psi=0.1/0.4 reason=pretrigger tail=0.9@2549.7 | flags=pretrigger_with_high_conf
2025-09-05_004337UTC | 00000085--f247b281ca--66 | [rlog] v=20.9 base=22.2 raw=22.2 final=22.2 | cap=visible vis=22.2 occ=70.0 | v_vis=30.4 v_occ=70.0 conf=0.7 psi=0.1/0.4 reason=pretrigger tail=0.9@2549.7 | flags=pretrigger_with_high_conf
2025-09-05_004339UTC | 00000085--f247b281ca--66 | [rlog] v=22.1 base=21.2 raw=21.2 final=21.2 | cap=visible vis=21.2 occ=70.0 | v_vis=24.1 v_occ=70.0 conf=0.7 psi=0.1/0.4 reason=pretrigger tail=0.9@2549.7 | flags=pretrigger_with_high_conf
2025-09-05_004339UTC | 00000085--f247b281ca--66 | [rlog] v=22.3 base=13.8 raw=14.0 final=14.0 | cap=visible vis=13.8 occ=70.0 | v_vis=12.4 v_occ=70.0 conf=0.9 psi=0.4/0.4 reason=pretrigger tail=0.9@2549.7 | flags=pretrigger_with_high_conf
2025-09-05_004340UTC | 00000085--f247b281ca--66 | [rlog] v=22.5 base=20.4 raw=20.4 final=20.4 | cap=visible vis=20.4 occ=70.0 | v_vis=18.7 v_occ=70.0 conf=0.9 psi=0.2/0.4 reason=pretrigger tail=0.9@2549.7 | flags=pretrigger_with_high_conf
2025-09-05_004340UTC | 00000085--f247b281ca--66 | [rlog] v=22.6 base=21.0 raw=21.0 final=21.0 | cap=visible vis=21.0 occ=70.0 | v_vis=19.7 v_occ=70.0 conf=0.9 psi=0.2/0.4 reason=pretrigger tail=0.9@2549.7 | flags=pretrigger_with_high_conf
2025-09-05_004341UTC | 00000085--f247b281ca--66 | [rlog] v=22.7 base=20.8 raw=20.8 final=20.8 | cap=visible vis=20.8 occ=70.0 | v_vis=19.2 v_occ=70.0 conf=0.9 psi=0.2/0.4 reason=pretrigger tail=0.9@2549.7 | flags=pretrigger_with_high_conf
2025-09-05_004341UTC | 00000085--f247b281ca--66 | [rlog] v=22.6 base=22.2 raw=22.2 final=22.2 | cap=visible vis=22.2 occ=70.0 | v_vis=27.7 v_occ=70.0 conf=0.9 psi=0.1/0.4 reason=pretrigger tail=0.9@2549.7 | flags=pretrigger_with_high_conf
2025-09-05_004342UTC | 00000085--f247b281ca--66 | [rlog] v=22.4 base=13.3 raw=13.3 final=13.3 | cap=visible vis=13.3 occ=70.0 | v_vis=15.4 v_occ=70.0 conf=0.9 psi=0.3/0.4 reason=pretrigger tail=0.9@2549.7 | flags=pretrigger_with_high_conf
2025-09-05_004342UTC | 00000085--f247b281ca--66 | [rlog] v=22.2 base=8.6 raw=8.6 final=8.6 | cap=visible vis=8.6 occ=70.0 | v_vis=9.4 v_occ=70.0 conf=0.9 psi=0.7/0.4 reason=pretrigger tail=0.9@2549.7 | flags=pretrigger_with_high_conf
2025-09-05_004343UTC | 00000085--f247b281ca--66 | [rlog] v=22.0 base=8.2 raw=8.2 final=8.2 | cap=visible vis=8.2 occ=70.0 | v_vis=8.1 v_occ=70.0 conf=0.9 psi=0.9/0.4 reason=pretrigger tail=0.9@2549.7 | flags=pretrigger_with_high_conf
2025-09-05_004343UTC | 00000085--f247b281ca--66 | [rlog] v=21.8 base=6.4 raw=6.4 final=6.4 | cap=visible vis=6.4 occ=70.0 | v_vis=6.4 v_occ=70.0 conf=0.9 psi=1.5/0.4 reason=pretrigger tail=0.9@2549.7 | flags=pretrigger_with_high_conf
2025-09-05_004344UTC | 00000085--f247b281ca--66 | [rlog] v=21.6 base=5.7 raw=5.7 final=5.7 | cap=visible vis=5.7 occ=70.0 | v_vis=5.9 v_occ=70.0 conf=0.8 psi=1.7/0.4 reason=pretrigger tail=0.9@2549.7 | flags=pretrigger_with_high_conf
2025-09-05_004344UTC | 00000085--f247b281ca--66 | [rlog] v=21.6 base=5.3 raw=5.3 final=5.3 | cap=visible vis=5.3 occ=70.0 | v_vis=5.2 v_occ=70.0 conf=0.7 psi=2.2/0.4 reason=pretrigger tail=0.9@2549.7 | flags=pretrigger_with_high_conf
2025-09-05_004345UTC | 00000085--f247b281ca--66 | [rlog] v=21.7 base=5.1 raw=5.1 final=5.1 | cap=visible vis=5.1 occ=70.0 | v_vis=5.2 v_occ=70.0 conf=0.7 psi=2.2/0.4 reason=pretrigger tail=0.9@2549.7 | flags=pretrigger_with_high_conf
2025-09-05_004345UTC | 00000085--f247b281ca--66 | [rlog] v=21.6 base=5.5 raw=5.5 final=5.5 | cap=visible vis=5.5 occ=70.0 | v_vis=5.3 v_occ=70.0 conf=0.7 psi=2.1/0.4 reason=pretrigger tail=0.9@2549.7 | flags=pretrigger_with_high_conf
2025-09-05_004446UTC | 00000085--f247b281ca--67 | [rlog] v=25.6 base=8.9 raw=9.7 final=9.7 | cap=visible vis=8.9 occ=70.0 | v_vis=11.6 v_occ=70.0 conf=0.9 psi=0.5/0.4 reason=pretrigger tail=0.1@0.0 | flags=pretrigger_with_high_conf
2025-09-05_004447UTC | 00000085--f247b281ca--67 | [rlog] v=25.7 base=6.9 raw=7.6 final=7.6 | cap=visible vis=6.9 occ=70.0 | v_vis=6.8 v_occ=70.0 conf=0.7 psi=1.5/0.4 reason=pretrigger tail=0.1@0.0 | flags=pretrigger_with_high_conf
2025-09-05_004447UTC | 00000085--f247b281ca--67 | [rlog] v=26.1 base=7.9 raw=8.7 final=8.7 | cap=visible vis=7.9 occ=70.0 | v_vis=7.2 v_occ=70.0 conf=0.7 psi=1.4/0.4 reason=pretrigger tail=0.1@0.0 | flags=pretrigger_with_high_conf
2025-09-05_004448UTC | 00000085--f247b281ca--67 | [rlog] v=26.5 base=8.7 raw=9.5 final=9.5 | cap=visible vis=8.7 occ=70.0 | v_vis=8.6 v_occ=70.0 conf=0.7 psi=1.0/0.4 reason=pretrigger tail=0.1@0.0 | flags=pretrigger_with_high_conf
2025-09-05_004448UTC | 00000085--f247b281ca--67 | [rlog] v=26.9 base=6.4 raw=6.5 final=6.5 | cap=visible vis=6.4 occ=70.0 | v_vis=6.4 v_occ=70.0 conf=0.7 psi=1.8/0.4 reason=pretrigger tail=0.1@0.0 | flags=pretrigger_with_high_conf
2025-09-05_004449UTC | 00000085--f247b281ca--67 | [rlog] v=27.3 base=5.3 raw=5.3 final=5.3 | cap=visible vis=5.3 occ=70.0 | v_vis=5.2 v_occ=70.0 conf=0.7 psi=2.7/0.4 reason=pretrigger tail=0.1@0.0 | flags=pretrigger_with_high_conf
2025-09-05_004449UTC | 00000085--f247b281ca--67 | [rlog] v=27.6 base=5.1 raw=5.2 final=5.2 | cap=visible vis=5.1 occ=70.0 | v_vis=5.1 v_occ=70.0 conf=0.7 psi=2.9/0.4 reason=pretrigger tail=0.1@0.0 | flags=pretrigger_with_high_conf
2025-09-05_004450UTC | 00000085--f247b281ca--67 | [rlog] v=27.7 base=4.4 raw=4.5 final=4.5 | cap=visible vis=4.4 occ=70.0 | v_vis=4.5 v_occ=70.0 conf=0.7 psi=3.8/0.4 reason=pretrigger tail=0.1@0.0 | flags=pretrigger_with_high_conf
2025-09-05_004452UTC | 00000085--f247b281ca--67 | [rlog] v=27.5 base=5.1 raw=5.1 final=5.1 | cap=occlusion vis=5.1 occ=4.7 | v_vis=4.7 v_occ=4.7 conf=0.7 psi=3.4/0.4 reason=pretrigger tail=0.1@0.0 | flags=double_occl_cap_suspect
2025-09-05_004452UTC | 00000085--f247b281ca--67 | [rlog] v=27.4 base=4.9 raw=5.4 final=5.4 | cap=occlusion vis=4.9 occ=4.7 | v_vis=4.7 v_occ=4.7 conf=0.7 psi=3.4/0.4 reason=pretrigger tail=0.1@0.0 | flags=pretrigger_with_high_conf
2025-09-05_004453UTC | 00000085--f247b281ca--67 | [rlog] v=27.1 base=4.9 raw=5.0 final=5.0 | cap=visible vis=4.9 occ=70.0 | v_vis=4.9 v_occ=70.0 conf=0.7 psi=3.1/0.4 reason=pretrigger tail=0.1@0.0 | flags=pretrigger_with_high_conf
2025-09-05_004453UTC | 00000085--f247b281ca--67 | [rlog] v=26.7 base=4.8 raw=4.8 final=4.8 | cap=visible vis=4.8 occ=70.0 | v_vis=4.8 v_occ=70.0 conf=0.7 psi=3.2/0.4 reason=pretrigger tail=0.1@0.0 | flags=pretrigger_with_high_conf
2025-09-05_004457UTC | 00000085--f247b281ca--68 | [rlog] v=26.6 base=5.1 raw=5.2 final=5.2 | cap=visible vis=5.1 occ=70.0 | v_vis=5.1 v_occ=70.0 conf=0.7 psi=2.9/0.4 reason=pretrigger tail=0.1@0.0 | flags=pretrigger_with_high_conf
2025-09-05_004457UTC | 00000085--f247b281ca--68 | [rlog] v=26.9 base=5.0 raw=5.1 final=5.1 | cap=visible vis=5.0 occ=70.0 | v_vis=5.0 v_occ=70.0 conf=0.7 psi=3.0/0.4 reason=pretrigger tail=0.1@0.0 | flags=pretrigger_with_high_conf
2025-09-05_004458UTC | 00000085--f247b281ca--68 | [rlog] v=27.0 base=4.9 raw=5.4 final=5.4 | cap=visible vis=4.9 occ=70.0 | v_vis=4.9 v_occ=70.0 conf=0.7 psi=3.2/0.4 reason=pretrigger tail=0.1@0.0 | flags=pretrigger_with_high_conf
2025-09-05_004458UTC | 00000085--f247b281ca--68 | [rlog] v=27.1 base=4.9 raw=5.4 final=5.4 | cap=visible vis=4.9 occ=70.0 | v_vis=4.9 v_occ=70.0 conf=0.7 psi=3.1/0.4 reason=pretrigger tail=0.1@0.0 | flags=pretrigger_with_high_conf
2025-09-05_004459UTC | 00000085--f247b281ca--68 | [rlog] v=27.3 base=5.3 raw=5.8 final=5.8 | cap=visible vis=5.3 occ=70.0 | v_vis=5.3 v_occ=70.0 conf=0.7 psi=2.7/0.4 reason=pretrigger tail=0.1@0.0 | flags=pretrigger_with_high_conf
2025-09-05_004459UTC | 00000085--f247b281ca--68 | [rlog] v=27.5 base=5.8 raw=6.4 final=6.4 | cap=visible vis=5.8 occ=70.0 | v_vis=5.7 v_occ=70.0 conf=0.7 psi=2.4/0.4 reason=pretrigger tail=0.1@0.0 | flags=pretrigger_with_high_conf
2025-09-05_004500UTC | 00000085--f247b281ca--68 | [rlog] v=27.7 base=6.8 raw=7.4 final=7.4 | cap=visible vis=6.8 occ=70.0 | v_vis=6.7 v_occ=70.0 conf=0.7 psi=1.7/0.4 reason=pretrigger tail=0.1@0.0 | flags=pretrigger_with_high_conf
2025-09-05_004519UTC | 00000085--f247b281ca--68 | [rlog] v=30.6 base=4.6 raw=5.1 final=5.1 | cap=occlusion vis=4.6 occ=4.6 | v_vis=4.6 v_occ=4.6 conf=0.6 psi=4.0/0.4 reason=fov_exit tail=0.1@0.0 | flags=double_occl_cap_suspect
2025-09-05_004521UTC | 00000085--f247b281ca--68 | [rlog] v=30.6 base=4.6 raw=4.6 final=4.6 | cap=occlusion vis=4.6 occ=4.5 | v_vis=4.6 v_occ=4.5 conf=0.6 psi=4.0/0.4 reason=fov_exit tail=0.1@0.0 | flags=double_occl_cap_suspect
2025-09-05_004526UTC | 00000085--f247b281ca--68 | [rlog] v=30.6 base=4.9 raw=4.9 final=4.9 | cap=occlusion vis=4.9 occ=4.5 | v_vis=4.6 v_occ=4.5 conf=0.7 psi=4.0/0.4 reason=fov_exit tail=0.1@0.0 | flags=double_occl_cap_suspect
2025-09-05_004527UTC | 00000085--f247b281ca--68 | [rlog] v=30.6 base=4.9 raw=4.9 final=4.9 | cap=occlusion vis=4.9 occ=4.5 | v_vis=4.6 v_occ=4.5 conf=0.7 psi=4.0/0.4 reason=fov_exit tail=0.1@0.0 | flags=double_occl_cap_suspect
2025-09-05_004542UTC | 00000085--f247b281ca--68 | [rlog] v=28.6 base=4.9 raw=4.9 final=4.9 | cap=occlusion vis=4.9 occ=4.6 | v_vis=4.6 v_occ=4.6 conf=0.6 psi=3.7/0.4 reason=pretrigger tail=0.1@0.0 | flags=double_occl_cap_suspect
2025-09-05_004542UTC | 00000085--f247b281ca--68 | [rlog] v=28.7 base=4.9 raw=4.9 final=4.9 | cap=occlusion vis=4.9 occ=4.6 | v_vis=4.6 v_occ=4.6 conf=0.6 psi=3.7/0.4 reason=pretrigger tail=0.1@0.0 | flags=double_occl_cap_suspect
2025-09-05_004543UTC | 00000085--f247b281ca--68 | [rlog] v=28.8 base=4.9 raw=4.9 final=4.9 | cap=occlusion vis=4.9 occ=4.6 | v_vis=4.6 v_occ=4.6 conf=0.5 psi=3.7/0.4 reason=pretrigger tail=0.1@0.0 | flags=double_occl_cap_suspect
2025-09-05_004549UTC | 00000085--f247b281ca--68 | [rlog] v=29.4 base=5.0 raw=5.0 final=5.0 | cap=occlusion vis=5.0 occ=4.5 | v_vis=4.6 v_occ=4.5 conf=0.7 psi=3.8/0.4 reason=pretrigger tail=0.1@0.0 | flags=double_occl_cap_suspect
2025-09-05_004549UTC | 00000085--f247b281ca--68 | [rlog] v=29.4 base=4.9 raw=4.9 final=4.9 | cap=occlusion vis=4.9 occ=4.5 | v_vis=4.6 v_occ=4.5 conf=0.6 psi=3.8/0.4 reason=pretrigger tail=0.1@0.0 | flags=double_occl_cap_suspect
2025-09-05_004556UTC | 00000085--f247b281ca--69 | [rlog] v=28.8 base=4.7 raw=4.7 final=4.7 | cap=occlusion vis=4.7 occ=4.5 | v_vis=4.6 v_occ=4.5 conf=0.7 psi=3.7/0.4 reason=pretrigger tail=0.1@0.0 | flags=double_occl_cap_suspect
2025-09-05_004556UTC | 00000085--f247b281ca--69 | [rlog] v=28.9 base=4.7 raw=4.8 final=4.8 | cap=occlusion vis=4.7 occ=4.5 | v_vis=4.6 v_occ=4.5 conf=0.6 psi=3.7/0.4 reason=pretrigger tail=0.1@0.0 | flags=double_occl_cap_suspect
2025-09-05_004557UTC | 00000085--f247b281ca--69 | [rlog] v=29.0 base=4.9 raw=4.9 final=4.9 | cap=occlusion vis=4.9 occ=4.5 | v_vis=4.6 v_occ=4.5 conf=0.5 psi=3.8/0.4 reason=pretrigger tail=0.1@0.0 | flags=double_occl_cap_suspect
2025-09-05_004602UTC | 00000085--f247b281ca--69 | [rlog] v=27.8 base=7.7 raw=8.4 final=8.4 | cap=visible vis=7.7 occ=70.0 | v_vis=8.8 v_occ=70.0 conf=0.8 psi=1.0/0.4 reason=pretrigger tail=0.1@0.0 | flags=pretrigger_with_high_conf
2025-09-05_004603UTC | 00000085--f247b281ca--69 | [rlog] v=27.9 base=6.2 raw=6.8 final=6.8 | cap=visible vis=6.2 occ=70.0 | v_vis=6.2 v_occ=70.0 conf=0.7 psi=2.0/0.4 reason=pretrigger tail=0.1@0.0 | flags=pretrigger_with_high_conf
2025-09-05_004634UTC | 00000085--f247b281ca--69 | [rlog] v=31.9 base=5.5 raw=5.7 final=5.7 | cap=visible vis=5.5 occ=21.3 | v_vis=10.7 v_occ=21.3 conf=0.7 psi=0.8/0.4 reason=pretrigger tail=0.1@0.0 | flags=pretrigger_with_high_conf
2025-09-05_004639UTC | 00000085--f247b281ca--69 | [rlog] v=30.9 base=5.5 raw=5.5 final=5.5 | cap=occlusion vis=5.5 occ=5.3 | v_vis=5.4 v_occ=5.3 conf=0.6 psi=2.9/0.4 reason=fov_exit tail=0.1@0.0 | flags=double_occl_cap_suspect
2025-09-05_004639UTC | 00000085--f247b281ca--69 | [rlog] v=31.0 base=5.3 raw=5.3 final=5.3 | cap=occlusion vis=5.3 occ=5.2 | v_vis=5.4 v_occ=5.2 conf=0.6 psi=2.9/0.4 reason=fov_exit tail=0.1@0.0 | flags=double_occl_cap_suspect
2025-09-05_004641UTC | 00000085--f247b281ca--69 | [rlog] v=31.2 base=5.4 raw=5.4 final=5.4 | cap=occlusion vis=5.4 occ=5.2 | v_vis=5.4 v_occ=5.2 conf=0.6 psi=2.9/0.4 reason=fov_exit tail=0.1@0.0 | flags=double_occl_cap_suspect
2025-09-05_004704UTC | 00000085--f247b281ca--70 | [rlog] v=28.8 base=4.6 raw=4.6 final=4.6 | cap=occlusion vis=4.6 occ=4.2 | v_vis=4.2 v_occ=4.2 conf=0.6 psi=4.5/0.4 reason=fov_exit tail=0.1@0.0 | flags=double_occl_cap_suspect
2025-09-05_004738UTC | 00000085--f247b281ca--70 | [rlog] v=26.2 base=5.4 raw=5.4 final=5.4 | cap=occlusion vis=5.4 occ=5.2 | v_vis=5.4 v_occ=5.2 conf=0.7 psi=2.5/0.4 reason=fov_exit tail=0.1@0.0 | flags=double_occl_cap_suspect
2025-09-05_004802UTC | 00000085--f247b281ca--71 | [rlog] v=36.8 base=5.2 raw=5.2 final=5.2 | cap=occlusion vis=5.2 occ=5.1 | v_vis=5.3 v_occ=5.1 conf=0.6 psi=3.7/0.4 reason=fov_exit tail=0.1@0.0 | flags=double_occl_cap_suspect
2025-09-05_004806UTC | 00000085--f247b281ca--71 | [rlog] v=36.4 base=5.2 raw=5.2 final=5.2 | cap=occlusion vis=5.2 occ=5.1 | v_vis=5.3 v_occ=5.1 conf=0.5 psi=3.6/0.4 reason=fov_exit tail=0.1@0.0 | flags=double_occl_cap_suspect
2025-09-05_004815UTC | 00000085--f247b281ca--71 | [rlog] v=36.8 base=8.0 raw=8.0 final=8.0 | cap=occlusion vis=8.0 occ=7.9 | v_vis=8.0 v_occ=7.9 conf=0.6 psi=1.6/0.4 reason=fov_exit tail=0.1@0.0 | flags=double_occl_cap_suspect
2025-09-05_004829UTC | 00000085--f247b281ca--71 | [rlog] v=36.4 base=6.9 raw=6.9 final=6.9 | cap=occlusion vis=6.9 occ=6.7 | v_vis=7.1 v_occ=6.7 conf=0.7 psi=2.0/0.4 reason=pretrigger tail=0.1@0.0 | flags=double_occl_cap_suspect,pretrigger_with_high_conf
2025-09-05_004852UTC | 00000085--f247b281ca--71 | [rlog] v=34.7 base=8.4 raw=8.4 final=8.4 | cap=occlusion vis=8.4 occ=8.3 | v_vis=9.0 v_occ=8.3 conf=0.6 psi=1.2/0.4 reason=fov_exit tail=0.1@0.0 | flags=double_occl_cap_suspect
2025-09-05_004858UTC | 00000085--f247b281ca--72 | [rlog] v=35.5 base=8.5 raw=8.5 final=8.5 | cap=occlusion vis=8.5 occ=8.5 | v_vis=8.5 v_occ=8.5 conf=0.6 psi=1.4/0.4 reason=fov_exit tail=0.1@0.0 | flags=double_occl_cap_suspect
2025-09-05_004920UTC | 00000085--f247b281ca--72 | [rlog] v=34.6 base=4.4 raw=4.5 final=4.5 | cap=visible vis=4.4 occ=70.0 | v_vis=4.4 v_occ=70.0 conf=0.7 psi=5.0/0.4 reason=pretrigger tail=0.1@0.0 | flags=pretrigger_with_high_conf
2025-09-05_004920UTC | 00000085--f247b281ca--72 | [rlog] v=34.7 base=4.4 raw=4.5 final=4.5 | cap=visible vis=4.4 occ=70.0 | v_vis=4.4 v_occ=70.0 conf=0.7 psi=4.9/0.4 reason=pretrigger tail=0.1@0.0 | flags=pretrigger_with_high_conf
2025-09-05_004921UTC | 00000085--f247b281ca--72 | [rlog] v=34.8 base=4.6 raw=5.1 final=5.1 | cap=visible vis=4.6 occ=70.0 | v_vis=4.6 v_occ=70.0 conf=0.7 psi=4.5/0.4 reason=pretrigger tail=0.1@0.0 | flags=pretrigger_with_high_conf
2025-09-05_004921UTC | 00000085--f247b281ca--72 | [rlog] v=35.0 base=4.7 raw=5.2 final=5.2 | cap=visible vis=4.7 occ=70.0 | v_vis=4.8 v_occ=70.0 conf=0.7 psi=4.2/0.4 reason=pretrigger tail=0.1@0.0 | flags=pretrigger_with_high_conf
2025-09-05_005058UTC | 00000085--f247b281ca--74 | [rlog] v=23.5 base=7.1 raw=7.1 final=7.1 | cap=visible vis=7.1 occ=70.0 | v_vis=7.6 v_occ=70.0 conf=0.8 psi=1.1/0.4 reason=pretrigger tail=0.4@27.3 | flags=pretrigger_with_high_conf
2025-09-05_005059UTC | 00000085--f247b281ca--74 | [rlog] v=23.9 base=6.3 raw=6.3 final=6.3 | cap=visible vis=6.3 occ=70.0 | v_vis=6.2 v_occ=70.0 conf=0.7 psi=1.7/0.4 reason=pretrigger tail=0.4@27.3 | flags=pretrigger_with_high_conf
2025-09-05_005059UTC | 00000085--f247b281ca--74 | [rlog] v=24.4 base=6.0 raw=6.1 final=6.1 | cap=visible vis=6.0 occ=70.0 | v_vis=6.2 v_occ=70.0 conf=0.7 psi=1.8/0.4 reason=pretrigger tail=0.4@27.3 | flags=pretrigger_with_high_conf
2025-09-05_005100UTC | 00000085--f247b281ca--74 | [rlog] v=25.0 base=6.2 raw=6.3 final=6.3 | cap=visible vis=6.2 occ=70.0 | v_vis=6.1 v_occ=70.0 conf=0.7 psi=1.8/0.4 reason=pretrigger tail=0.4@27.3 | flags=pretrigger_with_high_conf
2025-09-05_005100UTC | 00000085--f247b281ca--74 | [rlog] v=25.6 base=6.5 raw=6.7 final=6.7 | cap=visible vis=6.5 occ=70.0 | v_vis=6.2 v_occ=70.0 conf=0.7 psi=1.8/0.4 reason=pretrigger tail=0.4@27.3 | flags=pretrigger_with_high_conf
2025-09-05_005101UTC | 00000085--f247b281ca--74 | [rlog] v=26.2 base=7.1 raw=7.1 final=7.1 | cap=visible vis=7.1 occ=70.0 | v_vis=7.0 v_occ=70.0 conf=0.7 psi=1.5/0.4 reason=pretrigger tail=0.4@27.3 | flags=pretrigger_with_high_conf
2025-09-05_005101UTC | 00000085--f247b281ca--74 | [rlog] v=26.8 base=6.7 raw=6.8 final=6.8 | cap=visible vis=6.7 occ=70.0 | v_vis=6.8 v_occ=70.0 conf=0.7 psi=1.6/0.4 reason=pretrigger tail=0.4@27.3 | flags=pretrigger_with_high_conf
2025-09-05_005102UTC | 00000085--f247b281ca--74 | [rlog] v=27.3 base=5.7 raw=5.9 final=5.9 | cap=visible vis=5.7 occ=70.0 | v_vis=5.7 v_occ=70.0 conf=0.7 psi=2.3/0.4 reason=pretrigger tail=0.4@27.3 | flags=pretrigger_with_high_conf
2025-09-05_005103UTC | 00000085--f247b281ca--74 | [rlog] v=27.8 base=5.2 raw=5.2 final=5.2 | cap=visible vis=5.2 occ=70.0 | v_vis=5.1 v_occ=70.0 conf=0.7 psi=2.9/0.4 reason=pretrigger tail=0.4@27.3 | flags=pretrigger_with_high_conf
2025-09-05_005103UTC | 00000085--f247b281ca--74 | [rlog] v=28.2 base=4.8 raw=5.1 final=5.1 | cap=visible vis=4.8 occ=70.0 | v_vis=4.7 v_occ=70.0 conf=0.7 psi=3.5/0.4 reason=pretrigger tail=0.4@27.3 | flags=pretrigger_with_high_conf
2025-09-05_005104UTC | 00000085--f247b281ca--74 | [rlog] v=28.5 base=4.9 raw=5.3 final=5.3 | cap=visible vis=4.9 occ=70.0 | v_vis=4.8 v_occ=70.0 conf=0.7 psi=3.4/0.4 reason=pretrigger tail=0.4@27.3 | flags=pretrigger_with_high_conf
2025-09-05_005104UTC | 00000085--f247b281ca--74 | [rlog] v=29.0 base=5.2 raw=5.2 final=5.2 | cap=visible vis=5.2 occ=70.0 | v_vis=5.2 v_occ=70.0 conf=0.7 psi=3.0/0.4 reason=pretrigger tail=0.4@27.3 | flags=pretrigger_with_high_conf
2025-09-05_005105UTC | 00000085--f247b281ca--74 | [rlog] v=29.3 base=5.4 raw=5.4 final=5.4 | cap=visible vis=5.4 occ=70.0 | v_vis=5.4 v_occ=70.0 conf=0.7 psi=2.8/0.4 reason=pretrigger tail=0.4@27.3 | flags=pretrigger_with_high_conf
2025-09-05_005105UTC | 00000085--f247b281ca--74 | [rlog] v=29.6 base=5.4 raw=5.4 final=5.4 | cap=visible vis=5.4 occ=70.0 | v_vis=5.4 v_occ=70.0 conf=0.7 psi=2.8/0.4 reason=pretrigger tail=0.4@27.3 | flags=pretrigger_with_high_conf
2025-09-05_005106UTC | 00000085--f247b281ca--74 | [rlog] v=29.8 base=5.4 raw=5.4 final=5.4 | cap=visible vis=5.4 occ=70.0 | v_vis=5.4 v_occ=70.0 conf=0.7 psi=2.8/0.4 reason=pretrigger tail=0.4@27.3 | flags=pretrigger_with_high_conf
2025-09-05_005106UTC | 00000085--f247b281ca--74 | [rlog] v=30.0 base=5.2 raw=5.2 final=5.2 | cap=visible vis=5.2 occ=70.0 | v_vis=5.3 v_occ=70.0 conf=0.7 psi=3.0/0.4 reason=pretrigger tail=0.4@27.3 | flags=pretrigger_with_high_conf
2025-09-05_005107UTC | 00000085--f247b281ca--74 | [rlog] v=30.3 base=5.2 raw=5.7 final=5.7 | cap=visible vis=5.2 occ=70.0 | v_vis=5.2 v_occ=70.0 conf=0.7 psi=3.0/0.4 reason=pretrigger tail=0.4@27.3 | flags=pretrigger_with_high_conf
2025-09-05_005107UTC | 00000085--f247b281ca--74 | [rlog] v=30.5 base=5.3 raw=5.8 final=5.8 | cap=visible vis=5.3 occ=70.0 | v_vis=5.3 v_occ=70.0 conf=0.7 psi=3.0/0.4 reason=pretrigger tail=0.4@27.3 | flags=pretrigger_with_high_conf
2025-09-05_005108UTC | 00000085--f247b281ca--74 | [rlog] v=30.6 base=5.3 raw=5.8 final=5.8 | cap=visible vis=5.3 occ=70.0 | v_vis=5.3 v_occ=70.0 conf=0.7 psi=3.0/0.4 reason=pretrigger tail=0.4@27.3 | flags=pretrigger_with_high_conf
2025-09-05_005108UTC | 00000085--f247b281ca--74 | [rlog] v=30.8 base=5.3 raw=5.3 final=5.3 | cap=visible vis=5.3 occ=70.0 | v_vis=5.3 v_occ=70.0 conf=0.7 psi=3.1/0.4 reason=pretrigger tail=0.4@27.3 | flags=pretrigger_with_high_conf
2025-09-05_005109UTC | 00000085--f247b281ca--74 | [rlog] v=31.0 base=5.3 raw=5.3 final=5.3 | cap=visible vis=5.3 occ=70.0 | v_vis=5.3 v_occ=70.0 conf=0.7 psi=3.1/0.4 reason=pretrigger tail=0.4@27.3 | flags=pretrigger_with_high_conf
2025-09-05_005109UTC | 00000085--f247b281ca--74 | [rlog] v=31.2 base=5.1 raw=5.1 final=5.1 | cap=visible vis=5.1 occ=70.0 | v_vis=5.1 v_occ=70.0 conf=0.7 psi=3.3/0.4 reason=pretrigger tail=0.4@27.3 | flags=pretrigger_with_high_conf
2025-09-05_005110UTC | 00000085--f247b281ca--74 | [rlog] v=31.4 base=5.0 raw=5.5 final=5.5 | cap=visible vis=5.0 occ=70.0 | v_vis=5.0 v_occ=70.0 conf=0.7 psi=3.5/0.4 reason=pretrigger tail=0.4@27.3 | flags=pretrigger_with_high_conf
2025-09-05_005110UTC | 00000085--f247b281ca--74 | [rlog] v=31.6 base=5.2 raw=5.8 final=5.8 | cap=visible vis=5.2 occ=70.0 | v_vis=5.2 v_occ=70.0 conf=0.7 psi=3.2/0.4 reason=pretrigger tail=0.4@27.3 | flags=pretrigger_with_high_conf
2025-09-05_005111UTC | 00000085--f247b281ca--74 | [rlog] v=31.8 base=5.2 raw=5.8 final=5.8 | cap=visible vis=5.2 occ=70.0 | v_vis=5.3 v_occ=70.0 conf=0.7 psi=3.1/0.4 reason=pretrigger tail=0.4@27.3 | flags=pretrigger_with_high_conf
2025-09-05_005111UTC | 00000085--f247b281ca--74 | [rlog] v=31.9 base=5.2 raw=5.2 final=5.2 | cap=visible vis=5.2 occ=70.0 | v_vis=5.2 v_occ=70.0 conf=0.7 psi=3.2/0.4 reason=pretrigger tail=0.4@27.3 | flags=pretrigger_with_high_conf
2025-09-05_005112UTC | 00000085--f247b281ca--74 | [rlog] v=32.0 base=5.2 raw=5.2 final=5.2 | cap=visible vis=5.2 occ=70.0 | v_vis=5.2 v_occ=70.0 conf=0.7 psi=3.3/0.4 reason=pretrigger tail=0.4@27.3 | flags=pretrigger_with_high_conf
2025-09-05_005113UTC | 00000085--f247b281ca--74 | [rlog] v=32.0 base=5.1 raw=5.1 final=5.1 | cap=visible vis=5.1 occ=70.0 | v_vis=5.1 v_occ=70.0 conf=0.7 psi=3.4/0.4 reason=pretrigger tail=0.4@27.3 | flags=pretrigger_with_high_conf
2025-09-05_005113UTC | 00000085--f247b281ca--74 | [rlog] v=32.1 base=5.1 raw=5.1 final=5.1 | cap=visible vis=5.1 occ=70.0 | v_vis=5.1 v_occ=70.0 conf=0.7 psi=3.4/0.4 reason=pretrigger tail=0.4@27.3 | flags=pretrigger_with_high_conf
2025-09-05_005114UTC | 00000085--f247b281ca--74 | [rlog] v=32.1 base=5.0 raw=5.0 final=5.0 | cap=visible vis=5.0 occ=70.0 | v_vis=5.0 v_occ=70.0 conf=0.7 psi=3.5/0.4 reason=pretrigger tail=0.4@27.3 | flags=pretrigger_with_high_conf
2025-09-05_005114UTC | 00000085--f247b281ca--74 | [rlog] v=32.2 base=5.1 raw=5.6 final=5.6 | cap=visible vis=5.1 occ=70.0 | v_vis=5.1 v_occ=70.0 conf=0.7 psi=3.4/0.4 reason=pretrigger tail=0.4@27.3 | flags=pretrigger_with_high_conf
2025-09-05_005115UTC | 00000085--f247b281ca--74 | [rlog] v=32.2 base=5.2 raw=5.7 final=5.7 | cap=visible vis=5.2 occ=70.0 | v_vis=5.2 v_occ=70.0 conf=0.7 psi=3.3/0.4 reason=pretrigger tail=0.4@27.3 | flags=pretrigger_with_high_conf
2025-09-05_005115UTC | 00000085--f247b281ca--74 | [rlog] v=32.3 base=5.2 raw=5.7 final=5.7 | cap=visible vis=5.2 occ=70.0 | v_vis=5.2 v_occ=70.0 conf=0.7 psi=3.3/0.4 reason=pretrigger tail=0.4@27.3 | flags=pretrigger_with_high_conf
2025-09-05_005116UTC | 00000085--f247b281ca--74 | [rlog] v=32.3 base=5.1 raw=5.1 final=5.1 | cap=visible vis=5.1 occ=70.0 | v_vis=5.1 v_occ=70.0 conf=0.7 psi=3.4/0.4 reason=pretrigger tail=0.4@27.3 | flags=pretrigger_with_high_conf
2025-09-05_005116UTC | 00000085--f247b281ca--74 | [rlog] v=32.4 base=5.3 raw=5.3 final=5.3 | cap=visible vis=5.3 occ=70.0 | v_vis=5.3 v_occ=70.0 conf=0.7 psi=3.2/0.4 reason=pretrigger tail=0.4@27.3 | flags=pretrigger_with_high_conf
2025-09-05_005117UTC | 00000085--f247b281ca--74 | [rlog] v=32.5 base=5.1 raw=5.1 final=5.1 | cap=visible vis=5.1 occ=70.0 | v_vis=5.1 v_occ=70.0 conf=0.7 psi=3.4/0.4 reason=pretrigger tail=0.4@27.3 | flags=pretrigger_with_high_conf
2025-09-05_005131UTC | 00000085--f247b281ca--74 | [rlog] v=31.2 base=7.4 raw=7.4 final=7.4 | cap=visible vis=7.4 occ=70.0 | v_vis=7.4 v_occ=70.0 conf=0.7 psi=1.6/0.4 reason=pretrigger tail=0.4@27.3 | flags=pretrigger_with_high_conf
2025-09-05_005131UTC | 00000085--f247b281ca--74 | [rlog] v=31.2 base=6.9 raw=6.9 final=6.9 | cap=visible vis=6.9 occ=70.0 | v_vis=7.0 v_occ=70.0 conf=0.7 psi=1.8/0.4 reason=pretrigger tail=0.4@27.3 | flags=pretrigger_with_high_conf
2025-09-05_005243UTC | 00000085--f247b281ca--75 | [rlog] v=30.2 base=5.2 raw=5.2 final=5.2 | cap=occlusion vis=5.2 occ=4.8 | v_vis=4.8 v_occ=4.8 conf=0.7 psi=3.5/0.4 reason=fov_exit tail=0.4@27.3 | flags=double_occl_cap_suspect
2025-09-05_005259UTC | 00000085--f247b281ca--76 | [rlog] v=27.2 base=7.2 raw=7.2 final=7.2 | cap=visible vis=7.2 occ=70.0 | v_vis=7.8 v_occ=70.0 conf=0.8 psi=1.2/0.4 reason=pretrigger tail=0.4@27.3 | flags=pretrigger_with_high_conf
2025-09-05_005354UTC | 00000085--f247b281ca--77 | [rlog] v=17.0 base=6.6 raw=6.6 final=6.6 | cap=visible vis=6.6 occ=40.9 | v_vis=18.1 v_occ=40.9 conf=0.7 psi=0.1/0.4 reason=pretrigger tail=0.1@274.4 | flags=pretrigger_with_high_conf
2025-09-05_005355UTC | 00000085--f247b281ca--77 | [rlog] v=17.5 base=6.7 raw=6.8 final=6.8 | cap=visible vis=6.7 occ=70.0 | v_vis=6.6 v_occ=70.0 conf=0.7 psi=1.1/0.4 reason=pretrigger tail=0.1@277.7 | flags=pretrigger_with_high_conf
2025-09-05_005433UTC | 00000085--f247b281ca--77 | [rlog] v=1.9 base=3.1 raw=3.1 final=3.1 | cap=occlusion vis=3.1 occ=2.7 | v_vis=2.7 v_occ=2.7 conf=0.0 psi=0.7/0.4 reason=fov_exit tail=0.9@28.6 | flags=double_occl_cap_suspect
2025-09-05_005433UTC | 00000085--f247b281ca--77 | [rlog] v=1.7 base=2.8 raw=2.8 final=2.8 | cap=occlusion vis=2.8 occ=2.7 | v_vis=2.7 v_occ=2.7 conf=0.0 psi=0.6/0.4 reason=fov_exit tail=0.9@29.9 | flags=double_occl_cap_suspect
2025-09-05_005434UTC | 00000085--f247b281ca--77 | [rlog] v=0.8 base=2.7 raw=2.7 final=2.7 | cap=occlusion vis=2.7 occ=2.7 | v_vis=2.7 v_occ=2.7 conf=0.0 psi=0.3/0.4 reason=fov_exit tail=0.9@32.3 | flags=double_occl_cap_suspect,psi_below_thresh
2025-09-05_005551UTC | 00000085--f247b281ca--78 | [rlog] v=6.7 base=2.8 raw=3.1 final=3.1 | cap=occlusion vis=2.8 occ=2.7 | v_vis=2.7 v_occ=2.7 conf=0.0 psi=2.5/0.4 reason=fov_exit tail=0.9@922.1 | flags=double_occl_cap_suspect
2025-09-05_005552UTC | 00000085--f247b281ca--78 | [rlog] v=6.8 base=2.9 raw=3.2 final=3.2 | cap=occlusion vis=2.9 occ=2.7 | v_vis=2.7 v_occ=2.7 conf=0.0 psi=2.5/0.4 reason=fov_exit tail=0.9@929.1 | flags=double_occl_cap_suspect
2025-09-05_005552UTC | 00000085--f247b281ca--78 | [rlog] v=6.9 base=2.7 raw=2.7 final=2.7 | cap=occlusion vis=2.7 occ=2.7 | v_vis=2.7 v_occ=2.7 conf=0.0 psi=2.6/0.4 reason=fov_exit tail=0.9@932.5 | flags=double_occl_cap_suspect
2025-09-05_005554UTC | 00000085--f247b281ca--79 | [rlog] v=7.1 base=2.7 raw=2.7 final=2.7 | cap=occlusion vis=2.7 occ=2.7 | v_vis=2.7 v_occ=2.7 conf=0.0 psi=2.6/0.4 reason=fov_exit tail=0.9@943.1 | flags=double_occl_cap_suspect
2025-09-05_005556UTC | 00000085--f247b281ca--79 | [rlog] v=7.2 base=2.8 raw=2.8 final=2.8 | cap=occlusion vis=2.8 occ=2.7 | v_vis=2.7 v_occ=2.7 conf=0.0 psi=2.7/0.4 reason=fov_exit tail=0.9@954.8 | flags=double_occl_cap_suspect
2025-09-05_005556UTC | 00000085--f247b281ca--79 | [rlog] v=7.2 base=2.9 raw=2.9 final=2.9 | cap=occlusion vis=2.9 occ=2.7 | v_vis=2.7 v_occ=2.7 conf=0.0 psi=2.7/0.4 reason=fov_exit tail=0.9@958.7 | flags=double_occl_cap_suspect
2025-09-05_005557UTC | 00000085--f247b281ca--79 | [rlog] v=7.1 base=2.9 raw=2.9 final=2.9 | cap=occlusion vis=2.9 occ=2.7 | v_vis=2.7 v_occ=2.7 conf=0.0 psi=2.6/0.4 reason=fov_exit tail=0.9@962.7 | flags=double_occl_cap_suspect
2025-09-05_005558UTC | 00000085--f247b281ca--79 | [rlog] v=7.4 base=2.8 raw=3.1 final=3.1 | cap=occlusion vis=2.8 occ=2.7 | v_vis=2.7 v_occ=2.7 conf=0.0 psi=2.7/0.4 reason=fov_exit tail=0.9@970.2 | flags=double_occl_cap_suspect
2025-09-05_005558UTC | 00000085--f247b281ca--79 | [rlog] v=7.4 base=2.8 raw=3.0 final=3.0 | cap=occlusion vis=2.8 occ=2.7 | v_vis=2.7 v_occ=2.7 conf=0.0 psi=2.8/0.4 reason=fov_exit tail=0.9@973.8 | flags=double_occl_cap_suspect
2025-09-05_005600UTC | 00000085--f247b281ca--79 | [rlog] v=8.0 base=2.8 raw=3.1 final=3.1 | cap=occlusion vis=2.8 occ=2.7 | v_vis=2.7 v_occ=2.7 conf=0.0 psi=3.0/0.4 reason=fov_exit tail=0.9@985.3 | flags=double_occl_cap_suspect
2025-09-05_005607UTC | 00000085--f247b281ca--79 | [rlog] v=5.5 base=2.7 raw=2.7 final=2.7 | cap=occlusion vis=2.7 occ=2.7 | v_vis=2.7 v_occ=2.7 conf=0.0 psi=2.0/0.4 reason=fov_exit tail=0.9@1047.8 | flags=double_occl_cap_suspect
2025-09-05_005611UTC | 00000085--f247b281ca--79 | [rlog] v=6.5 base=2.7 raw=3.0 final=3.0 | cap=occlusion vis=2.7 occ=2.7 | v_vis=2.7 v_occ=2.7 conf=0.0 psi=2.4/0.4 reason=fov_exit tail=0.9@1069.0 | flags=double_occl_cap_suspect
2025-09-05_005625UTC | 00000085--f247b281ca--79 | [rlog] v=5.3 base=3.0 raw=3.0 final=3.0 | cap=occlusion vis=3.0 occ=2.7 | v_vis=2.7 v_occ=2.7 conf=0.0 psi=2.0/0.4 reason=fov_exit tail=0.9@1155.8 | flags=double_occl_cap_suspect
2025-09-05_005626UTC | 00000085--f247b281ca--79 | [rlog] v=5.1 base=3.0 raw=3.0 final=3.0 | cap=occlusion vis=3.0 occ=2.7 | v_vis=2.7 v_occ=2.7 conf=0.0 psi=1.9/0.4 reason=fov_exit tail=0.9@1158.6 | flags=double_occl_cap_suspect
2025-09-05_005626UTC | 00000085--f247b281ca--79 | [rlog] v=5.2 base=2.8 raw=2.8 final=2.8 | cap=occlusion vis=2.8 occ=2.7 | v_vis=2.7 v_occ=2.7 conf=0.0 psi=1.9/0.4 reason=fov_exit tail=0.9@1161.4 | flags=double_occl_cap_suspect
2025-09-05_005627UTC | 00000085--f247b281ca--79 | [rlog] v=5.2 base=2.7 raw=3.0 final=3.0 | cap=occlusion vis=2.7 occ=2.7 | v_vis=2.7 v_occ=2.7 conf=0.0 psi=1.9/0.4 reason=fov_exit tail=0.9@1164.2 | flags=double_occl_cap_suspect
2025-09-05_005628UTC | 00000085--f247b281ca--79 | [rlog] v=5.1 base=2.8 raw=2.8 final=2.8 | cap=occlusion vis=2.8 occ=2.7 | v_vis=2.7 v_occ=2.7 conf=0.0 psi=1.9/0.4 reason=fov_exit tail=0.9@1169.9 | flags=double_occl_cap_suspect
2025-09-05_005629UTC | 00000085--f247b281ca--79 | [rlog] v=5.8 base=2.9 raw=3.1 final=3.1 | cap=occlusion vis=2.9 occ=2.7 | v_vis=2.7 v_occ=2.7 conf=0.0 psi=2.2/0.4 reason=fov_exit tail=0.9@1174.6 | flags=double_occl_cap_suspect
2025-09-05_005705UTC | 00000085--f247b281ca--80 | [rlog] v=2.4 base=3.1 raw=3.2 final=3.2 | cap=occlusion vis=3.1 occ=2.7 | v_vis=2.7 v_occ=2.7 conf=0.0 psi=0.9/0.4 reason=fov_exit tail=0.9@1498.1 | flags=double_occl_cap_suspect
2025-09-05_005709UTC | 00000085--f247b281ca--80 | [rlog] v=1.1 base=3.1 raw=3.1 final=3.1 | cap=occlusion vis=3.1 occ=2.7 | v_vis=2.7 v_occ=2.7 conf=0.0 psi=0.4/0.4 reason=fov_exit tail=0.9@1507.4 | flags=double_occl_cap_suspect
2025-09-05_005709UTC | 00000085--f247b281ca--80 | [rlog] v=0.9 base=3.1 raw=3.1 final=3.1 | cap=occlusion vis=3.1 occ=2.7 | v_vis=2.7 v_occ=2.7 conf=0.0 psi=0.3/0.4 reason=fov_exit tail=0.9@1508.1 | flags=double_occl_cap_suspect,psi_below_thresh
2025-09-05_005710UTC | 00000085--f247b281ca--80 | [rlog] v=0.8 base=3.2 raw=3.2 final=3.2 | cap=occlusion vis=3.2 occ=2.7 | v_vis=2.7 v_occ=2.7 conf=0.0 psi=0.3/0.4 reason=fov_exit tail=0.9@1508.7 | flags=psi_below_thresh
2025-09-05_005710UTC | 00000085--f247b281ca--80 | [rlog] v=0.9 base=3.4 raw=3.4 final=3.4 | cap=occlusion vis=3.4 occ=2.7 | v_vis=2.7 v_occ=2.7 conf=0.0 psi=0.3/0.4 reason=fov_exit tail=0.9@1509.0 | flags=psi_below_thresh
2025-09-05_005711UTC | 00000085--f247b281ca--80 | [rlog] v=1.3 base=2.8 raw=2.8 final=2.8 | cap=occlusion vis=2.8 occ=2.7 | v_vis=2.7 v_occ=2.7 conf=0.0 psi=0.5/0.4 reason=fov_exit tail=0.9@1509.7 | flags=double_occl_cap_suspect
2025-09-05_005712UTC | 00000085--f247b281ca--80 | [rlog] v=1.3 base=2.9 raw=2.9 final=2.9 | cap=occlusion vis=2.9 occ=2.7 | v_vis=2.7 v_occ=2.7 conf=0.0 psi=0.5/0.4 reason=fov_exit tail=0.9@1510.4 | flags=double_occl_cap_suspect
2025-09-05_005712UTC | 00000085--f247b281ca--80 | [rlog] v=1.4 base=3.2 raw=3.2 final=3.2 | cap=occlusion vis=3.2 occ=2.7 | v_vis=2.7 v_occ=2.7 conf=0.0 psi=0.5/0.4 reason=fov_exit tail=0.9@1511.1 | flags=double_occl_cap_suspect
2025-09-05_005719UTC | 00000085--f247b281ca--80 | [rlog] v=2.4 base=3.1 raw=3.2 final=3.2 | cap=occlusion vis=3.1 occ=2.7 | v_vis=2.7 v_occ=2.7 conf=0.0 psi=0.9/0.4 reason=fov_exit tail=0.9@1530.0 | flags=double_occl_cap_suspect
2025-09-05_005721UTC | 00000085--f247b281ca--80 | [rlog] v=0.7 base=6.2 raw=6.2 final=6.2 | cap=occlusion vis=6.2 occ=2.7 | v_vis=2.7 v_occ=2.7 conf=0.0 psi=0.3/0.4 reason=fov_exit tail=0.9@1534.7 | flags=psi_below_thresh
2025-09-05_005721UTC | 00000085--f247b281ca--80 | [rlog] v=0.4 base=9.8 raw=9.8 final=9.8 | cap=occlusion vis=9.8 occ=2.7 | v_vis=2.7 v_occ=2.7 conf=0.0 psi=0.1/0.4 reason=fov_exit tail=0.9@1535.6 | flags=psi_below_thresh
2025-09-05_005722UTC | 00000085--f247b281ca--80 | [rlog] v=0.2 base=27.5 raw=27.5 final=27.5 | cap=occlusion vis=27.5 occ=2.7 | v_vis=2.7 v_occ=2.7 conf=0.1 psi=0.1/0.4 reason=fov_exit tail=0.9@1536.0 | flags=psi_below_thresh
2025-09-05_005722UTC | 00000085--f247b281ca--80 | [rlog] v=0.1 base=33.3 raw=33.3 final=33.3 | cap=occlusion vis=33.3 occ=2.7 | v_vis=2.7 v_occ=2.7 conf=0.1 psi=0.0/0.4 reason=fov_exit tail=0.9@1536.1 | flags=psi_below_thresh
2025-09-05_005723UTC | 00000085--f247b281ca--80 | [rlog] v=0.2 base=33.3 raw=33.3 final=33.3 | cap=occlusion vis=33.3 occ=2.7 | v_vis=2.7 v_occ=2.7 conf=0.0 psi=0.1/0.4 reason=fov_exit tail=0.9@1536.1 | flags=psi_below_thresh
2025-09-05_005723UTC | 00000085--f247b281ca--80 | [rlog] v=0.3 base=33.3 raw=33.3 final=33.3 | cap=occlusion vis=33.3 occ=2.7 | v_vis=2.7 v_occ=2.7 conf=0.0 psi=0.1/0.4 reason=fov_exit tail=0.9@1536.0 | flags=psi_below_thresh
2025-09-05_005724UTC | 00000085--f247b281ca--80 | [rlog] v=0.5 base=33.1 raw=33.1 final=33.1 | cap=occlusion vis=33.1 occ=2.7 | v_vis=2.7 v_occ=2.7 conf=0.0 psi=0.2/0.4 reason=fov_exit tail=0.9@1536.0 | flags=psi_below_thresh
2025-09-05_005725UTC | 00000085--f247b281ca--80 | [rlog] v=0.5 base=33.3 raw=33.3 final=33.3 | cap=occlusion vis=33.3 occ=2.7 | v_vis=2.7 v_occ=2.7 conf=0.0 psi=0.2/0.4 reason=fov_exit tail=0.9@1536.3 | flags=psi_below_thresh
2025-09-05_005725UTC | 00000085--f247b281ca--80 | [rlog] v=0.6 base=18.8 raw=18.8 final=18.8 | cap=occlusion vis=18.8 occ=2.7 | v_vis=2.7 v_occ=2.7 conf=0.0 psi=0.2/0.4 reason=fov_exit tail=0.9@1536.5 | flags=psi_below_thresh
2025-09-05_005726UTC | 00000085--f247b281ca--80 | [rlog] v=0.6 base=33.3 raw=33.3 final=33.3 | cap=occlusion vis=33.3 occ=2.7 | v_vis=2.7 v_occ=2.7 conf=0.0 psi=0.2/0.4 reason=fov_exit tail=0.9@1536.8 | flags=psi_below_thresh
2025-09-05_005726UTC | 00000085--f247b281ca--80 | [rlog] v=0.4 base=18.1 raw=18.1 final=18.1 | cap=occlusion vis=18.1 occ=2.7 | v_vis=2.7 v_occ=2.7 conf=0.0 psi=0.1/0.4 reason=fov_exit tail=0.9@1537.4 | flags=psi_below_thresh
2025-09-05_005727UTC | 00000085--f247b281ca--80 | [rlog] v=0.2 base=16.0 raw=16.0 final=16.0 | cap=occlusion vis=16.0 occ=2.7 | v_vis=2.7 v_occ=2.7 conf=0.0 psi=0.1/0.4 reason=fov_exit tail=0.9@1537.8 | flags=psi_below_thresh
2025-09-05_005727UTC | 00000085--f247b281ca--80 | [rlog] v=0.1 base=17.3 raw=17.3 final=17.3 | cap=occlusion vis=17.3 occ=2.7 | v_vis=2.7 v_occ=2.7 conf=0.0 psi=0.0/0.4 reason=fov_exit tail=0.9@1538.0 | flags=psi_below_thresh
2025-09-05_005728UTC | 00000085--f247b281ca--80 | [rlog] v=0.2 base=17.4 raw=17.4 final=17.4 | cap=occlusion vis=17.4 occ=2.7 | v_vis=2.7 v_occ=2.7 conf=0.0 psi=0.1/0.4 reason=fov_exit tail=0.9@1538.0 | flags=psi_below_thresh
2025-09-05_005728UTC | 00000085--f247b281ca--80 | [rlog] v=0.4 base=14.0 raw=14.0 final=14.0 | cap=occlusion vis=14.0 occ=2.7 | v_vis=2.7 v_occ=2.7 conf=0.0 psi=0.2/0.4 reason=fov_exit tail=0.9@1537.8 | flags=psi_below_thresh
2025-09-05_005729UTC | 00000085--f247b281ca--80 | [rlog] v=0.7 base=13.1 raw=13.1 final=13.1 | cap=occlusion vis=13.1 occ=2.7 | v_vis=2.7 v_occ=2.7 conf=0.0 psi=0.3/0.4 reason=fov_exit tail=0.9@1537.7 | flags=psi_below_thresh
2025-09-05_005729UTC | 00000085--f247b281ca--80 | [rlog] v=0.7 base=14.0 raw=14.0 final=14.0 | cap=occlusion vis=14.0 occ=2.7 | v_vis=2.7 v_occ=2.7 conf=0.0 psi=0.3/0.4 reason=fov_exit tail=0.9@1538.1 | flags=psi_below_thresh
2025-09-05_005730UTC | 00000085--f247b281ca--80 | [rlog] v=0.9 base=15.5 raw=15.5 final=15.5 | cap=occlusion vis=15.5 occ=2.7 | v_vis=2.7 v_occ=2.7 conf=0.0 psi=0.3/0.4 reason=fov_exit tail=0.9@1538.3 | flags=psi_below_thresh
2025-09-05_005730UTC | 00000085--f247b281ca--80 | [rlog] v=0.8 base=12.0 raw=12.0 final=12.0 | cap=occlusion vis=12.0 occ=2.7 | v_vis=2.7 v_occ=2.7 conf=0.0 psi=0.3/0.4 reason=fov_exit tail=0.9@1538.8 | flags=psi_below_thresh
2025-09-05_005731UTC | 00000085--f247b281ca--80 | [rlog] v=0.9 base=9.8 raw=9.8 final=9.8 | cap=occlusion vis=9.8 occ=2.7 | v_vis=2.7 v_occ=2.7 conf=0.0 psi=0.3/0.4 reason=fov_exit tail=0.9@1539.2 | flags=psi_below_thresh
2025-09-05_005731UTC | 00000085--f247b281ca--80 | [rlog] v=0.9 base=12.1 raw=12.1 final=12.1 | cap=occlusion vis=12.1 occ=2.7 | v_vis=2.7 v_occ=2.7 conf=0.0 psi=0.3/0.4 reason=fov_exit tail=0.9@1539.6 | flags=psi_below_thresh
2025-09-05_005732UTC | 00000085--f247b281ca--80 | [rlog] v=0.8 base=12.2 raw=12.2 final=12.2 | cap=occlusion vis=12.2 occ=2.7 | v_vis=2.7 v_occ=2.7 conf=0.0 psi=0.3/0.4 reason=fov_exit tail=0.9@1540.2 | flags=psi_below_thresh
2025-09-05_005733UTC | 00000085--f247b281ca--80 | [rlog] v=0.8 base=10.4 raw=10.4 final=10.4 | cap=occlusion vis=10.4 occ=2.7 | v_vis=2.7 v_occ=2.7 conf=0.0 psi=0.3/0.4 reason=fov_exit tail=0.9@1540.7 | flags=psi_below_thresh
2025-09-05_005733UTC | 00000085--f247b281ca--80 | [rlog] v=0.7 base=14.8 raw=14.8 final=14.8 | cap=occlusion vis=14.8 occ=2.7 | v_vis=2.7 v_occ=2.7 conf=0.1 psi=0.3/0.4 reason=fov_exit tail=0.9@1541.2 | flags=psi_below_thresh
2025-09-05_005734UTC | 00000085--f247b281ca--80 | [rlog] v=0.6 base=19.3 raw=19.3 final=19.3 | cap=occlusion vis=19.3 occ=2.7 | v_vis=2.7 v_occ=2.7 conf=0.1 psi=0.2/0.4 reason=fov_exit tail=0.9@1541.6 | flags=psi_below_thresh
2025-09-05_005734UTC | 00000085--f247b281ca--80 | [rlog] v=0.7 base=19.2 raw=19.2 final=19.2 | cap=occlusion vis=19.2 occ=2.7 | v_vis=2.7 v_occ=2.7 conf=0.1 psi=0.3/0.4 reason=fov_exit tail=0.9@1541.8 | flags=psi_below_thresh
2025-09-05_005735UTC | 00000085--f247b281ca--80 | [rlog] v=0.7 base=14.4 raw=14.4 final=14.4 | cap=occlusion vis=14.4 occ=2.7 | v_vis=2.7 v_occ=2.7 conf=0.1 psi=0.3/0.4 reason=fov_exit tail=0.9@1542.2 | flags=psi_below_thresh
2025-09-05_005735UTC | 00000085--f247b281ca--80 | [rlog] v=0.6 base=15.4 raw=15.4 final=15.4 | cap=occlusion vis=15.4 occ=2.7 | v_vis=2.7 v_occ=2.7 conf=0.2 psi=0.2/0.4 reason=fov_exit tail=0.9@1542.8 | flags=psi_below_thresh
2025-09-05_005736UTC | 00000085--f247b281ca--80 | [rlog] v=0.5 base=17.2 raw=17.2 final=17.2 | cap=occlusion vis=17.2 occ=2.7 | v_vis=2.7 v_occ=2.7 conf=0.3 psi=0.2/0.4 reason=fov_exit tail=0.9@1543.1 | flags=psi_below_thresh
2025-09-05_005736UTC | 00000085--f247b281ca--80 | [rlog] v=0.4 base=18.5 raw=18.5 final=18.5 | cap=occlusion vis=18.5 occ=2.7 | v_vis=2.7 v_occ=2.7 conf=0.2 psi=0.1/0.4 reason=fov_exit tail=0.9@1543.6 | flags=psi_below_thresh
2025-09-05_005737UTC | 00000085--f247b281ca--80 | [rlog] v=0.2 base=31.3 raw=31.3 final=31.3 | cap=occlusion vis=31.3 occ=2.7 | v_vis=2.7 v_occ=2.7 conf=0.2 psi=0.1/0.4 reason=fov_exit tail=0.9@1543.9 | flags=psi_below_thresh
2025-09-05_005737UTC | 00000085--f247b281ca--80 | [rlog] v=0.1 base=33.3 raw=33.3 final=33.3 | cap=occlusion vis=33.3 occ=2.7 | v_vis=2.7 v_occ=2.7 conf=0.1 psi=0.0/0.4 reason=fov_exit tail=0.9@1544.2 | flags=psi_below_thresh
2025-09-05_005738UTC | 00000085--f247b281ca--80 | [rlog] v=0.0 base=33.3 raw=33.3 final=33.3 | cap=occlusion vis=33.3 occ=2.7 | v_vis=2.7 v_occ=2.7 conf=0.1 psi=0.0/0.4 reason=fov_exit tail=0.9@1544.2 | flags=psi_below_thresh
